// Jest Snapshot v1, https://goo.gl/fbAQLP

exports[`Rendering NavbarForm should render NavbarForm 1`] = `
<div
  className="navbarDiv"
>
  <div
    className="navbarContainer"
  >
    <div
      className="logoImgNav"
    />
    <nav
      className="navbarNav"
    >
      <ul
        className="navbarUl"
      >
        <li
          className="li"
        >
          <a>
            Order
          </a>
        </li>
        <li
          className="li"
        >
          <a>
            Availability
          </a>
        </li>
        <li
          className="li"
        >
          <a>
            Order List
          </a>
        </li>
        <li
          className="li"
        >
          <a
            className="impressum"
            href="https://www.deere.de/de/impressum/"
            rel="noopener noreferrer"
            target="_blank"
          >
            Impressum
          </a>
        </li>
        <li
          className="li"
        >
          <details
            className="custom-select"
          >
            <summary
              className="radios"
            >
              <input
                checked={true}
                className="kundenInput"
                id="default"
                name="item"
                title="Customer support"
                type="radio"
              />
              <input
                className="kundenInput"
                id="item1"
                name="item"
                title="FAQ"
                type="radio"
              />
              <input
                className="kundenInput"
                id="item2"
                name="item"
                title="Service"
                type="radio"
              />
              <input
                className="kundenInput"
                id="item3"
                name="item"
                title="Newsletter"
                type="radio"
              />
              <input
                className="kundenInput"
                id="item4"
                name="item"
                title="Privacy policy"
                type="radio"
              />
            </summary>
            <ul
              className="list"
            >
              <li
                className="kundenLi"
              >
                <label
                  for="item1"
                >
                  <a
                    href="https://www.deere.de/de/ersatzteile-und-service/ersatzteile/suche-nach-teilen-h%C3%A4ufig-gestellte-fragen/"
                    target="blank"
                  >
                    FAQ
                  </a>
                  <span />
                </label>
              </li>
              <li
                className="kundenLi"
              >
                <label
                  for="item2"
                >
                  <a
                    href="https://www.deere.de/de/ersatzteile-und-service/service/"
                    target="blank"
                  >
                    Service
                  </a>
                </label>
              </li>
              <li
                className="kundenLi"
              >
                <label
                  for="item3"
                >
                  <a
                    href="https://www.deere.de/de/forms/digital-news-service/"
                    target="blank"
                  >
                    Newsletter
                  </a>
                </label>
              </li>
              <li
                className="kundenLi"
              >
                <label
                  for="item4"
                >
                  <a
                    href="https://www.deere.de/de/datenschutzerkl%C3%A4rung/"
                    target="blank"
                  >
                    Privacy and Data
                  </a>
                </label>
              </li>
            </ul>
          </details>
        </li>
      </ul>
    </nav>
    <button
      className="logoutButton"
    >
      Logout
    </button>
  </div>
</div>
`;
